Oct-21 12:02:18.879 [main] DEBUG nextflow.cli.Launcher - $> nextflow run main.nf -profile conda,test_export_lb
Oct-21 12:02:19.050 [main] DEBUG nextflow.cli.CmdRun - N E X T F L O W  ~  version 25.04.3
Oct-21 12:02:19.071 [main] DEBUG nextflow.plugin.PluginsFacade - Setting up plugin manager > mode=prod; embedded=false; plugins-dir=/home/bruno.ariano/.nextflow/plugins; core-plugins: nf-amazon@2.15.0,nf-azure@1.16.0,nf-cloudcache@0.4.3,nf-codecommit@0.2.3,nf-console@1.2.1,nf-google@1.21.0,nf-k8s@1.0.0,nf-tower@1.11.3,nf-wave@1.12.1
Oct-21 12:02:19.093 [main] INFO  o.pf4j.DefaultPluginStatusProvider - Enabled plugins: []
Oct-21 12:02:19.094 [main] INFO  o.pf4j.DefaultPluginStatusProvider - Disabled plugins: []
Oct-21 12:02:19.097 [main] INFO  org.pf4j.DefaultPluginManager - PF4J version 3.12.0 in 'deployment' mode
Oct-21 12:02:19.108 [main] INFO  org.pf4j.AbstractPluginManager - No plugins
Oct-21 12:02:19.126 [main] DEBUG nextflow.config.ConfigBuilder - Found config local: /group/soranzo/bruno.ariano/TileDB-sumstat/nextflow.config
Oct-21 12:02:19.128 [main] DEBUG nextflow.config.ConfigBuilder - Parsing config file: /group/soranzo/bruno.ariano/TileDB-sumstat/nextflow.config
Oct-21 12:02:19.167 [main] DEBUG n.secret.LocalSecretsProvider - Secrets store: /home/bruno.ariano/.nextflow/secrets/store.json
Oct-21 12:02:19.170 [main] DEBUG nextflow.secret.SecretsLoader - Discovered secrets providers: [nextflow.secret.LocalSecretsProvider@5c41d037] - activable => nextflow.secret.LocalSecretsProvider@5c41d037
Oct-21 12:02:19.175 [main] DEBUG nextflow.config.ConfigBuilder - Applying config profile: `conda,test_export_lb`
Oct-21 12:02:19.875 [main] DEBUG nextflow.config.ConfigBuilder - Available config profiles: [shifter, test, mamba, charliecloud, apptainer, conda, test_export_lb, singularity, wave, docker, podman]
Oct-21 12:02:19.904 [main] DEBUG nextflow.cli.CmdRun - Applied DSL=2 by global default
Oct-21 12:02:19.923 [main] DEBUG nextflow.cli.CmdRun - Launching `main.nf` [furious_faggin] DSL2 - revision: 1309f0cb95
Oct-21 12:02:19.924 [main] DEBUG nextflow.plugin.PluginsFacade - Plugins default=[]
Oct-21 12:02:19.924 [main] DEBUG nextflow.plugin.PluginsFacade - Plugins resolved requirement=[]
Oct-21 12:02:19.968 [main] DEBUG nextflow.Session - Session UUID: f0d3793a-ef4c-46ca-a59c-5d50bee98b54
Oct-21 12:02:19.969 [main] DEBUG nextflow.Session - Run name: furious_faggin
Oct-21 12:02:19.969 [main] DEBUG nextflow.Session - Executor pool size: 40
Oct-21 12:02:19.976 [main] DEBUG nextflow.file.FilePorter - File porter settings maxRetries=3; maxTransfers=50; pollTimeout=null
Oct-21 12:02:19.980 [main] DEBUG nextflow.util.ThreadPoolBuilder - Creating thread pool 'FileTransfer' minSize=10; maxSize=120; workQueue=LinkedBlockingQueue[-1]; allowCoreThreadTimeout=false
Oct-21 12:02:20.006 [main] DEBUG nextflow.cli.CmdRun - 
  Version: 25.04.3 build 5949
  Created: 02-06-2025 20:56 UTC (22:56 CEST)
  System: Linux 4.18.0-477.10.1.el8_8.x86_64
  Runtime: Groovy 4.0.26 on OpenJDK 64-Bit Server VM 17.0.8.1+1
  Encoding: UTF-8 (UTF-8)
  Process: 1551775@hnode02 [192.168.104.253]
  CPUs: 40 - Mem: 375.9 GB (14.5 GB) - Swap: 64 GB (59.2 GB)
Oct-21 12:02:20.036 [main] DEBUG nextflow.Session - Work-dir: /group/soranzo/bruno.ariano/TileDB-sumstat/work [nfs]
Oct-21 12:02:20.037 [main] DEBUG nextflow.Session - Script base path does not exist or is not a directory: /group/soranzo/bruno.ariano/TileDB-sumstat/bin
Oct-21 12:02:20.047 [main] DEBUG nextflow.executor.ExecutorFactory - Extension executors providers=[]
Oct-21 12:02:20.056 [main] DEBUG nextflow.Session - Observer factory: DefaultObserverFactory
Oct-21 12:02:20.085 [main] DEBUG nextflow.Session - Observer factory (v2): LinObserverFactory
Oct-21 12:02:20.109 [main] DEBUG nextflow.cache.CacheFactory - Using Nextflow cache factory: nextflow.cache.DefaultCacheFactory
Oct-21 12:02:20.118 [main] DEBUG nextflow.util.CustomThreadPool - Creating default thread pool > poolSize: 41; maxThreads: 1000
Oct-21 12:02:20.199 [main] DEBUG nextflow.Session - Session start
Oct-21 12:02:20.202 [main] DEBUG nextflow.trace.TraceFileObserver - Workflow started -- trace file: /group/soranzo/bruno.ariano/TileDB-sumstat/results/pipeline_info/execution_trace_2025-10-21_12-02-19.txt
Oct-21 12:02:20.409 [main] DEBUG nextflow.script.ScriptRunner - > Launching execution
Oct-21 12:02:20.934 [main] DEBUG nextflow.script.ProcessConfig - Config settings `withLabel:process_multi` matches labels `process_multi` for process with name EXPORT_LOCUSBREAKER
Oct-21 12:02:20.947 [main] DEBUG nextflow.executor.ExecutorFactory - << taskConfig executor: null
Oct-21 12:02:20.948 [main] DEBUG nextflow.executor.ExecutorFactory - >> processorType: 'local'
Oct-21 12:02:20.956 [main] DEBUG nextflow.executor.Executor - [warm up] executor > local
Oct-21 12:02:20.966 [main] DEBUG n.processor.LocalPollingMonitor - Creating local task monitor for executor 'local' > cpus=40; memory=375.9 GB; capacity=40; pollInterval=100ms; dumpInterval=5m
Oct-21 12:02:20.969 [main] DEBUG n.processor.TaskPollingMonitor - >>> barrier register (monitor: local)
Oct-21 12:02:20.992 [main] DEBUG nextflow.processor.TaskProcessor - Creating process 'EXPORT_LOCUSBREAKER': maxForks=0; fair=false; array=0
Oct-21 12:02:21.025 [main] DEBUG nextflow.Session - Workflow process names [dsl2]: EXPORT_LOCUSBREAKER, MERGE_METADATA, EXPORT_REGIONS, INGEST_DATA, CREATE_TILEDB
Oct-21 12:02:21.026 [main] DEBUG nextflow.Session - Igniting dataflow network (2)
Oct-21 12:02:21.032 [main] DEBUG nextflow.processor.TaskProcessor - Starting process > EXPORT_LOCUSBREAKER
Oct-21 12:02:21.033 [main] DEBUG nextflow.script.ScriptRunner - Parsed script files:
  Script_7b14281b3e71c830: /group/soranzo/bruno.ariano/TileDB-sumstat/modules/merge_metadata/main.nf
  Script_f79ff21670d5e55f: /group/soranzo/bruno.ariano/TileDB-sumstat/modules/regions/main.nf
  Script_aef310e1ce2070d7: /group/soranzo/bruno.ariano/TileDB-sumstat/modules/locusbreaker/main.nf
  Script_fa94f925e889eb3d: /group/soranzo/bruno.ariano/TileDB-sumstat/modules/create_tiledb/main.nf
  Script_9642d9956a1c233a: /group/soranzo/bruno.ariano/TileDB-sumstat/modules/ingestion/main.nf
  Script_d23e1daa06b1131d: /group/soranzo/bruno.ariano/TileDB-sumstat/main.nf
Oct-21 12:02:21.033 [main] DEBUG nextflow.script.ScriptRunner - > Awaiting termination 
Oct-21 12:02:21.033 [main] DEBUG nextflow.Session - Session await
Oct-21 12:02:21.044 [Actor Thread 6] DEBUG n.splitter.AbstractTextSplitter - Splitter `Text` collector path: nextflow.splitter.TextFileCollector$CachePath(/group/soranzo/bruno.ariano/TileDB-sumstat/work/86/0960349c40eb387dea4a66c6232d9d/locusbreaker_test_table.csv, null)
Oct-21 12:02:21.175 [Actor Thread 21] DEBUG nextflow.conda.CondaCache - conda found local env for environment=/ssu/gassu/conda_envs/scqtl; path=/ssu/gassu/conda_envs/scqtl
Oct-21 12:02:21.257 [Task submitter] DEBUG n.executor.local.LocalTaskHandler - Launch cmd line: /bin/bash -ue .command.run
Oct-21 12:02:21.259 [Task submitter] INFO  nextflow.Session - [5a/13fd57] Submitted process > EXPORT_LOCUSBREAKER (3)
Oct-21 12:02:21.277 [Task submitter] DEBUG n.executor.local.LocalTaskHandler - Launch cmd line: /bin/bash -ue .command.run
Oct-21 12:02:21.278 [Task submitter] INFO  nextflow.Session - [7c/60afd2] Submitted process > EXPORT_LOCUSBREAKER (2)
Oct-21 12:02:21.294 [Task submitter] DEBUG n.executor.local.LocalTaskHandler - Launch cmd line: /bin/bash -ue .command.run
Oct-21 12:02:21.294 [Task submitter] INFO  nextflow.Session - [01/981e08] Submitted process > EXPORT_LOCUSBREAKER (1)
Oct-21 12:02:42.991 [Task monitor] DEBUG n.processor.TaskPollingMonitor - Task completed > TaskHandler[id: 1; name: EXPORT_LOCUSBREAKER (1); status: COMPLETED; exit: 0; error: -; workDir: /group/soranzo/bruno.ariano/TileDB-sumstat/work/01/981e087bad5677317433d4f7c6c592]
Oct-21 12:02:42.992 [Task monitor] DEBUG nextflow.util.ThreadPoolBuilder - Creating thread pool 'TaskFinalizer' minSize=10; maxSize=120; workQueue=LinkedBlockingQueue[-1]; allowCoreThreadTimeout=false
Oct-21 12:02:43.066 [TaskFinalizer-1] DEBUG nextflow.processor.TaskProcessor - Process EXPORT_LOCUSBREAKER > Skipping output binding because one or more optional files are missing: fileoutparam<0>
Oct-21 12:02:43.066 [TaskFinalizer-1] DEBUG nextflow.processor.TaskProcessor - Process EXPORT_LOCUSBREAKER > Skipping output binding because one or more optional files are missing: fileoutparam<1>
Oct-21 12:02:43.473 [Task monitor] DEBUG n.processor.TaskPollingMonitor - Task completed > TaskHandler[id: 3; name: EXPORT_LOCUSBREAKER (3); status: COMPLETED; exit: 0; error: -; workDir: /group/soranzo/bruno.ariano/TileDB-sumstat/work/5a/13fd5798c7574a48be77e3c3f156b1]
Oct-21 12:02:43.480 [TaskFinalizer-2] DEBUG nextflow.processor.TaskProcessor - Process EXPORT_LOCUSBREAKER > Skipping output binding because one or more optional files are missing: fileoutparam<0>
Oct-21 12:02:43.480 [TaskFinalizer-2] DEBUG nextflow.processor.TaskProcessor - Process EXPORT_LOCUSBREAKER > Skipping output binding because one or more optional files are missing: fileoutparam<1>
Oct-21 12:02:43.731 [Task monitor] DEBUG n.processor.TaskPollingMonitor - Task completed > TaskHandler[id: 2; name: EXPORT_LOCUSBREAKER (2); status: COMPLETED; exit: 0; error: -; workDir: /group/soranzo/bruno.ariano/TileDB-sumstat/work/7c/60afd2578f69efa734d6ba049f7fc4]
Oct-21 12:02:43.736 [TaskFinalizer-3] DEBUG nextflow.processor.TaskProcessor - Process EXPORT_LOCUSBREAKER > Skipping output binding because one or more optional files are missing: fileoutparam<0>
Oct-21 12:02:43.736 [TaskFinalizer-3] DEBUG nextflow.processor.TaskProcessor - Process EXPORT_LOCUSBREAKER > Skipping output binding because one or more optional files are missing: fileoutparam<1>
Oct-21 12:02:43.741 [main] DEBUG nextflow.Session - Session await > all processes finished
Oct-21 12:02:43.831 [Task monitor] DEBUG n.processor.TaskPollingMonitor - <<< barrier arrives (monitor: local) - terminating tasks monitor poll loop
Oct-21 12:02:43.831 [main] DEBUG nextflow.Session - Session await > all barriers passed
Oct-21 12:02:43.834 [main] DEBUG nextflow.util.ThreadPoolManager - Thread pool 'TaskFinalizer' shutdown completed (hard=false)
Oct-21 12:02:43.839 [main] DEBUG n.trace.WorkflowStatsObserver - Workflow completed > WorkflowStats[succeededCount=3; failedCount=0; ignoredCount=0; cachedCount=0; pendingCount=0; submittedCount=0; runningCount=0; retriesCount=0; abortedCount=0; succeedDuration=3m 55s; failedDuration=0ms; cachedDuration=0ms;loadCpus=0; loadMemory=0; peakRunning=3; peakCpus=18; peakMemory=90 GB; ]
Oct-21 12:02:43.839 [main] DEBUG nextflow.trace.TraceFileObserver - Workflow completed -- saving trace file
Oct-21 12:02:43.841 [main] DEBUG nextflow.trace.ReportObserver - Workflow completed -- rendering execution report
Oct-21 12:02:44.308 [main] DEBUG nextflow.trace.TimelineObserver - Workflow completed -- rendering execution timeline
Oct-21 12:02:44.494 [main] DEBUG nextflow.cache.CacheDB - Closing CacheDB done
Oct-21 12:02:44.523 [main] DEBUG nextflow.util.ThreadPoolManager - Thread pool 'FileTransfer' shutdown completed (hard=false)
Oct-21 12:02:44.523 [main] DEBUG nextflow.script.ScriptRunner - > Execution complete -- Goodbye
